Qompoter
======== install

* cp/fylhan v1.*
  Downloading sources...
  Selected version: v1.1.3-beta
  done

* cp/acme-cp v1.*-lib
  Downloading lib...
  Selected version: v1.0-lib
  done

done
