Qompoter
======== install

* cp/fylhan v1.*
  Downloading sources...
  Selected version: v1.1.10
  done

* fylhan/posibrain v0.*
  Downloading sources from Git...
  Selected version: v0.2
  Warning: no 'qompoter.pri' found for this package
  done

done
