Qompoter
======== install

* cp/fylhan v0.1
  Downloading sources...
  Error: no package found 'qompoter-repo/cp/fylhan/v0.1'
  FAILLURE

FAILLURE
