Qompoter
======== install

* cp/fylhan v1.1.10
  Downloading sources...
  done

* cp/acme-cp v1.0-lib
  Downloading lib...
  done

* git/acme-git v2.0.2
  Downloading sources from Git...
  Hint: Think about upgrading to the last version v2.0.3
  done

done
