Qompoter
======== update

* cp/fylhan v1.1.10
  Downloading sources...
  done

* cp/acme-cp v1.0-lib
  Downloading lib...
  done

done
