Qompoter
======== require

* git/acme/dev-master
* cp/fylhan/v1.0
* git/acme-tag/v1.0

done
