Qompoter
======== install -> create qompoter.lock

* cp/acme v1.*-lib
  Downloading lib...
  Selected version: v1.1-lib
  done

* cp/fylhan3 v1.0-lib
  Downloading lib...
  done

done
