Qompoter
======== install

* kde/attica v5.25.*
  Selection version: v5.25.0
  Downloading sources from Git...
  Warning: error with Git, Qompoter will try downloading sources from scratch...
  FAILURE

FAILURE
